// Jest Snapshot v1, https://goo.gl/fbAQLP

exports[`AdminPanel tests Snapshot matches 1`] = `
ShallowWrapper {
  "length": 1,
  Symbol(enzyme.__root__): [Circular],
  Symbol(enzyme.__unrendered__): <AdminPanel />,
  Symbol(enzyme.__renderer__): Object {
    "batchedUpdates": [Function],
    "getNode": [Function],
    "render": [Function],
    "simulateEvent": [Function],
    "unmount": [Function],
  },
  Symbol(enzyme.__node__): Object {
    "instance": null,
    "key": undefined,
    "nodeType": "host",
    "props": Object {
      "children": <form
        onSubmit={[Function]}
>
        <div
                className="form-group"
        >
                <input
                        className="form-control"
                        id="name"
                        name="name"
                        onChange={[Function]}
                        placeholder="Book name"
                        type="text"
                        value=""
                />
        </div>
        <div
                className="form-group"
        >
                <input
                        className="form-control"
                        id="author"
                        name="author"
                        onChange={[Function]}
                        placeholder="Book author"
                        type="text"
                        value=""
                />
        </div>
        <div
                className="form-group"
        >
                <textarea
                        className="form-control"
                        id="description"
                        name="description"
                        onChange={[Function]}
                        placeholder="Book description"
                        value=""
                />
        </div>
        <div
                className="form-group"
        >
                <input
                        className="form-check-input"
                        id="onStock"
                        name="onStock"
                        onChange={[Function]}
                        type="checkbox"
                        value={true}
                />
                <label
                        className="form-check-label"
                        htmlFor="onStock"
                >
                        On stock
                </label>
        </div>
        <div
                className="form-group"
        >
                <input
                        className="form-control"
                        id="image"
                        name="image"
                        onChange={[Function]}
                        placeholder="Book image"
                        type="text"
                        value=""
                />
        </div>
        <button
                className="btn btn-primary"
                type="submit"
        >
                Add
        </button>
</form>,
      "className": "adminPanel col-xs-4",
    },
    "ref": null,
    "rendered": Object {
      "instance": null,
      "key": undefined,
      "nodeType": "host",
      "props": Object {
        "children": Array [
          <div
            className="form-group"
>
            <input
                        className="form-control"
                        id="name"
                        name="name"
                        onChange={[Function]}
                        placeholder="Book name"
                        type="text"
                        value=""
            />
</div>,
          <div
            className="form-group"
>
            <input
                        className="form-control"
                        id="author"
                        name="author"
                        onChange={[Function]}
                        placeholder="Book author"
                        type="text"
                        value=""
            />
</div>,
          <div
            className="form-group"
>
            <textarea
                        className="form-control"
                        id="description"
                        name="description"
                        onChange={[Function]}
                        placeholder="Book description"
                        value=""
            />
</div>,
          <div
            className="form-group"
>
            <input
                        className="form-check-input"
                        id="onStock"
                        name="onStock"
                        onChange={[Function]}
                        type="checkbox"
                        value={true}
            />
            <label
                        className="form-check-label"
                        htmlFor="onStock"
            >
                        On stock
            </label>
</div>,
          <div
            className="form-group"
>
            <input
                        className="form-control"
                        id="image"
                        name="image"
                        onChange={[Function]}
                        placeholder="Book image"
                        type="text"
                        value=""
            />
</div>,
          <button
            className="btn btn-primary"
            type="submit"
>
            Add
</button>,
        ],
        "onSubmit": [Function],
      },
      "ref": null,
      "rendered": Array [
        Object {
          "instance": null,
          "key": undefined,
          "nodeType": "host",
          "props": Object {
            "children": <input
              className="form-control"
              id="name"
              name="name"
              onChange={[Function]}
              placeholder="Book name"
              type="text"
              value=""
/>,
            "className": "form-group",
          },
          "ref": null,
          "rendered": Object {
            "instance": null,
            "key": undefined,
            "nodeType": "host",
            "props": Object {
              "className": "form-control",
              "id": "name",
              "name": "name",
              "onChange": [Function],
              "placeholder": "Book name",
              "type": "text",
              "value": "",
            },
            "ref": null,
            "rendered": null,
            "type": "input",
          },
          "type": "div",
        },
        Object {
          "instance": null,
          "key": undefined,
          "nodeType": "host",
          "props": Object {
            "children": <input
              className="form-control"
              id="author"
              name="author"
              onChange={[Function]}
              placeholder="Book author"
              type="text"
              value=""
/>,
            "className": "form-group",
          },
          "ref": null,
          "rendered": Object {
            "instance": null,
            "key": undefined,
            "nodeType": "host",
            "props": Object {
              "className": "form-control",
              "id": "author",
              "name": "author",
              "onChange": [Function],
              "placeholder": "Book author",
              "type": "text",
              "value": "",
            },
            "ref": null,
            "rendered": null,
            "type": "input",
          },
          "type": "div",
        },
        Object {
          "instance": null,
          "key": undefined,
          "nodeType": "host",
          "props": Object {
            "children": <textarea
              className="form-control"
              id="description"
              name="description"
              onChange={[Function]}
              placeholder="Book description"
              value=""
/>,
            "className": "form-group",
          },
          "ref": null,
          "rendered": Object {
            "instance": null,
            "key": undefined,
            "nodeType": "host",
            "props": Object {
              "className": "form-control",
              "id": "description",
              "name": "description",
              "onChange": [Function],
              "placeholder": "Book description",
              "value": "",
            },
            "ref": null,
            "rendered": null,
            "type": "textarea",
          },
          "type": "div",
        },
        Object {
          "instance": null,
          "key": undefined,
          "nodeType": "host",
          "props": Object {
            "children": Array [
              <input
                className="form-check-input"
                id="onStock"
                name="onStock"
                onChange={[Function]}
                type="checkbox"
                value={true}
/>,
              <label
                className="form-check-label"
                htmlFor="onStock"
>
                On stock
</label>,
            ],
            "className": "form-group",
          },
          "ref": null,
          "rendered": Array [
            Object {
              "instance": null,
              "key": undefined,
              "nodeType": "host",
              "props": Object {
                "className": "form-check-input",
                "id": "onStock",
                "name": "onStock",
                "onChange": [Function],
                "type": "checkbox",
                "value": true,
              },
              "ref": null,
              "rendered": null,
              "type": "input",
            },
            Object {
              "instance": null,
              "key": undefined,
              "nodeType": "host",
              "props": Object {
                "children": "On stock",
                "className": "form-check-label",
                "htmlFor": "onStock",
              },
              "ref": null,
              "rendered": "On stock",
              "type": "label",
            },
          ],
          "type": "div",
        },
        Object {
          "instance": null,
          "key": undefined,
          "nodeType": "host",
          "props": Object {
            "children": <input
              className="form-control"
              id="image"
              name="image"
              onChange={[Function]}
              placeholder="Book image"
              type="text"
              value=""
/>,
            "className": "form-group",
          },
          "ref": null,
          "rendered": Object {
            "instance": null,
            "key": undefined,
            "nodeType": "host",
            "props": Object {
              "className": "form-control",
              "id": "image",
              "name": "image",
              "onChange": [Function],
              "placeholder": "Book image",
              "type": "text",
              "value": "",
            },
            "ref": null,
            "rendered": null,
            "type": "input",
          },
          "type": "div",
        },
        Object {
          "instance": null,
          "key": undefined,
          "nodeType": "host",
          "props": Object {
            "children": "Add",
            "className": "btn btn-primary",
            "type": "submit",
          },
          "ref": null,
          "rendered": "Add",
          "type": "button",
        },
      ],
      "type": "form",
    },
    "type": "div",
  },
  Symbol(enzyme.__nodes__): Array [
    Object {
      "instance": null,
      "key": undefined,
      "nodeType": "host",
      "props": Object {
        "children": <form
          onSubmit={[Function]}
>
          <div
                    className="form-group"
          >
                    <input
                              className="form-control"
                              id="name"
                              name="name"
                              onChange={[Function]}
                              placeholder="Book name"
                              type="text"
                              value=""
                    />
          </div>
          <div
                    className="form-group"
          >
                    <input
                              className="form-control"
                              id="author"
                              name="author"
                              onChange={[Function]}
                              placeholder="Book author"
                              type="text"
                              value=""
                    />
          </div>
          <div
                    className="form-group"
          >
                    <textarea
                              className="form-control"
                              id="description"
                              name="description"
                              onChange={[Function]}
                              placeholder="Book description"
                              value=""
                    />
          </div>
          <div
                    className="form-group"
          >
                    <input
                              className="form-check-input"
                              id="onStock"
                              name="onStock"
                              onChange={[Function]}
                              type="checkbox"
                              value={true}
                    />
                    <label
                              className="form-check-label"
                              htmlFor="onStock"
                    >
                              On stock
                    </label>
          </div>
          <div
                    className="form-group"
          >
                    <input
                              className="form-control"
                              id="image"
                              name="image"
                              onChange={[Function]}
                              placeholder="Book image"
                              type="text"
                              value=""
                    />
          </div>
          <button
                    className="btn btn-primary"
                    type="submit"
          >
                    Add
          </button>
</form>,
        "className": "adminPanel col-xs-4",
      },
      "ref": null,
      "rendered": Object {
        "instance": null,
        "key": undefined,
        "nodeType": "host",
        "props": Object {
          "children": Array [
            <div
              className="form-group"
>
              <input
                            className="form-control"
                            id="name"
                            name="name"
                            onChange={[Function]}
                            placeholder="Book name"
                            type="text"
                            value=""
              />
</div>,
            <div
              className="form-group"
>
              <input
                            className="form-control"
                            id="author"
                            name="author"
                            onChange={[Function]}
                            placeholder="Book author"
                            type="text"
                            value=""
              />
</div>,
            <div
              className="form-group"
>
              <textarea
                            className="form-control"
                            id="description"
                            name="description"
                            onChange={[Function]}
                            placeholder="Book description"
                            value=""
              />
</div>,
            <div
              className="form-group"
>
              <input
                            className="form-check-input"
                            id="onStock"
                            name="onStock"
                            onChange={[Function]}
                            type="checkbox"
                            value={true}
              />
              <label
                            className="form-check-label"
                            htmlFor="onStock"
              >
                            On stock
              </label>
</div>,
            <div
              className="form-group"
>
              <input
                            className="form-control"
                            id="image"
                            name="image"
                            onChange={[Function]}
                            placeholder="Book image"
                            type="text"
                            value=""
              />
</div>,
            <button
              className="btn btn-primary"
              type="submit"
>
              Add
</button>,
          ],
          "onSubmit": [Function],
        },
        "ref": null,
        "rendered": Array [
          Object {
            "instance": null,
            "key": undefined,
            "nodeType": "host",
            "props": Object {
              "children": <input
                className="form-control"
                id="name"
                name="name"
                onChange={[Function]}
                placeholder="Book name"
                type="text"
                value=""
/>,
              "className": "form-group",
            },
            "ref": null,
            "rendered": Object {
              "instance": null,
              "key": undefined,
              "nodeType": "host",
              "props": Object {
                "className": "form-control",
                "id": "name",
                "name": "name",
                "onChange": [Function],
                "placeholder": "Book name",
                "type": "text",
                "value": "",
              },
              "ref": null,
              "rendered": null,
              "type": "input",
            },
            "type": "div",
          },
          Object {
            "instance": null,
            "key": undefined,
            "nodeType": "host",
            "props": Object {
              "children": <input
                className="form-control"
                id="author"
                name="author"
                onChange={[Function]}
                placeholder="Book author"
                type="text"
                value=""
/>,
              "className": "form-group",
            },
            "ref": null,
            "rendered": Object {
              "instance": null,
              "key": undefined,
              "nodeType": "host",
              "props": Object {
                "className": "form-control",
                "id": "author",
                "name": "author",
                "onChange": [Function],
                "placeholder": "Book author",
                "type": "text",
                "value": "",
              },
              "ref": null,
              "rendered": null,
              "type": "input",
            },
            "type": "div",
          },
          Object {
            "instance": null,
            "key": undefined,
            "nodeType": "host",
            "props": Object {
              "children": <textarea
                className="form-control"
                id="description"
                name="description"
                onChange={[Function]}
                placeholder="Book description"
                value=""
/>,
              "className": "form-group",
            },
            "ref": null,
            "rendered": Object {
              "instance": null,
              "key": undefined,
              "nodeType": "host",
              "props": Object {
                "className": "form-control",
                "id": "description",
                "name": "description",
                "onChange": [Function],
                "placeholder": "Book description",
                "value": "",
              },
              "ref": null,
              "rendered": null,
              "type": "textarea",
            },
            "type": "div",
          },
          Object {
            "instance": null,
            "key": undefined,
            "nodeType": "host",
            "props": Object {
              "children": Array [
                <input
                  className="form-check-input"
                  id="onStock"
                  name="onStock"
                  onChange={[Function]}
                  type="checkbox"
                  value={true}
/>,
                <label
                  className="form-check-label"
                  htmlFor="onStock"
>
                  On stock
</label>,
              ],
              "className": "form-group",
            },
            "ref": null,
            "rendered": Array [
              Object {
                "instance": null,
                "key": undefined,
                "nodeType": "host",
                "props": Object {
                  "className": "form-check-input",
                  "id": "onStock",
                  "name": "onStock",
                  "onChange": [Function],
                  "type": "checkbox",
                  "value": true,
                },
                "ref": null,
                "rendered": null,
                "type": "input",
              },
              Object {
                "instance": null,
                "key": undefined,
                "nodeType": "host",
                "props": Object {
                  "children": "On stock",
                  "className": "form-check-label",
                  "htmlFor": "onStock",
                },
                "ref": null,
                "rendered": "On stock",
                "type": "label",
              },
            ],
            "type": "div",
          },
          Object {
            "instance": null,
            "key": undefined,
            "nodeType": "host",
            "props": Object {
              "children": <input
                className="form-control"
                id="image"
                name="image"
                onChange={[Function]}
                placeholder="Book image"
                type="text"
                value=""
/>,
              "className": "form-group",
            },
            "ref": null,
            "rendered": Object {
              "instance": null,
              "key": undefined,
              "nodeType": "host",
              "props": Object {
                "className": "form-control",
                "id": "image",
                "name": "image",
                "onChange": [Function],
                "placeholder": "Book image",
                "type": "text",
                "value": "",
              },
              "ref": null,
              "rendered": null,
              "type": "input",
            },
            "type": "div",
          },
          Object {
            "instance": null,
            "key": undefined,
            "nodeType": "host",
            "props": Object {
              "children": "Add",
              "className": "btn btn-primary",
              "type": "submit",
            },
            "ref": null,
            "rendered": "Add",
            "type": "button",
          },
        ],
        "type": "form",
      },
      "type": "div",
    },
  ],
  Symbol(enzyme.__options__): Object {
    "adapter": ReactSixteenAdapter {
      "options": Object {
        "enableComponentDidUpdateOnSetState": true,
      },
    },
  },
}
`;
